../Core/Src/main.c:109:5:main	40	static
../Core/Src/main.c:375:6:SystemClock_Config	88	static
../Core/Src/main.c:422:13:MX_ADC1_Init	56	static
../Core/Src/main.c:508:13:MX_LPUART1_UART_Init	8	static
../Core/Src/main.c:555:13:MX_TIM1_Init	120	static
../Core/Src/main.c:641:13:MX_TIM3_Init	56	static
../Core/Src/main.c:690:13:MX_TIM4_Init	64	static
../Core/Src/main.c:749:13:MX_TIM8_Init	40	static
../Core/Src/main.c:794:13:MX_DMA_Init	16	static
../Core/Src/main.c:813:13:MX_GPIO_Init	48	static
../Core/Src/main.c:860:6:NO1	8	static
../Core/Src/main.c:869:6:NO2	8	static
../Core/Src/main.c:883:6:NO3	8	static
../Core/Src/main.c:892:6:HAL_GPIO_EXTI_Callback	16	static
../Core/Src/main.c:921:6:Error_Handler	4	static,ignoring_inline_asm
