../Core/Src/main.c:108:5:main	40	static
../Core/Src/main.c:363:6:SystemClock_Config	88	static
../Core/Src/main.c:410:13:MX_ADC1_Init	56	static
../Core/Src/main.c:496:13:MX_LPUART1_UART_Init	8	static
../Core/Src/main.c:543:13:MX_TIM1_Init	120	static
../Core/Src/main.c:629:13:MX_TIM3_Init	56	static
../Core/Src/main.c:678:13:MX_TIM4_Init	64	static
../Core/Src/main.c:735:13:MX_DMA_Init	16	static
../Core/Src/main.c:754:13:MX_GPIO_Init	48	static
../Core/Src/main.c:801:6:NO1	8	static
../Core/Src/main.c:810:6:NO2	8	static
../Core/Src/main.c:824:6:NO3	8	static
../Core/Src/main.c:833:6:HAL_GPIO_EXTI_Callback	16	static
../Core/Src/main.c:862:6:Error_Handler	4	static,ignoring_inline_asm
